components/series/BingeSeriesInfo.tsx(3,101): error TS2307: Cannot find module '@/lib/types' or its corresponding type declarations.
components/series/BingeSeriesInfo.tsx(4,21): error TS2307: Cannot find module '@/lib/api' or its corresponding type declarations.
components/series/BingeSeriesInfo.tsx(8,35): error TS2307: Cannot find module '@/contexts/ProfileContext' or its corresponding type declarations.
components/series/BingeSeriesInfo.tsx(930,44): error TS2304: Cannot find name 'series'.
components/series/BingeSeriesInfo.tsx(933,28): error TS2304: Cannot find name 'series'.
components/series/BingeSeriesInfo.tsx(1038,34): error TS2304: Cannot find name 'Check'.
